// Jest Snapshot v1, https://goo.gl/fbAQLP

exports[`PizzaMaker component renders correctly 1`] = `
<div>
  <div
    class="pizza-maker"
  >
    <div
      class="pizza-maker__title"
    >
      Make your pizza
    </div>
    <div
      class="pizza-maker__container"
    >
      <ul
        class="pizza__container"
      >
        <span
          class="pizza__title"
        >
          Selected Ingredients
        </span>
        <li>
          <div>
            <div
              class="pizza"
            >
              <img
                alt=""
                class="pizza__icon"
                src="dough.svg"
              />
              <span
                class="pizza__name"
              >
                Dough
              </span>
            </div>
          </div>
        </li>
      </ul>
      <div
        class="ingrendient-list"
      >
        <ul>
          <li
            class="ingredient__item ingredient"
          >
            <input
              type="checkbox"
            />
            <div
              class="ingredient__container undefined"
            >
              <div
                class="ingredient"
              >
                <img
                  alt=""
                  class="ingredient__icon"
                  src="/assets/ingredients/cheese.svg"
                />
                <span
                  class="ingredient__name"
                >
                  cheese
                </span>
              </div>
            </div>
            <span
              class="ingredient__price"
            >
              $ 
              3000
            </span>
          </li>
          <li
            class="ingredient__item ingredient"
          >
            <input
              type="checkbox"
            />
            <div
              class="ingredient__container undefined"
            >
              <div
                class="ingredient"
              >
                <img
                  alt=""
                  class="ingredient__icon"
                  src="/assets/ingredients/pepperoni.svg"
                />
                <span
                  class="ingredient__name"
                >
                  pepperoni
                </span>
              </div>
            </div>
            <span
              class="ingredient__price"
            >
              $ 
              4500
            </span>
          </li>
          <li
            class="ingredient__item ingredient"
          >
            <input
              type="checkbox"
            />
            <div
              class="ingredient__container undefined"
            >
              <div
                class="ingredient"
              >
                <img
                  alt=""
                  class="ingredient__icon"
                  src="/assets/ingredients/pineapple.svg"
                />
                <span
                  class="ingredient__name"
                >
                  pineapple
                </span>
              </div>
            </div>
            <span
              class="ingredient__price"
            >
              $ 
              3000
            </span>
          </li>
          <li
            class="ingredient__item ingredient"
          >
            <input
              type="checkbox"
            />
            <div
              class="ingredient__container undefined"
            >
              <div
                class="ingredient"
              >
                <img
                  alt=""
                  class="ingredient__icon"
                  src="/assets/ingredients/mushroom.svg"
                />
                <span
                  class="ingredient__name"
                >
                  mushroom
                </span>
              </div>
            </div>
            <span
              class="ingredient__price"
            >
              $ 
              3000
            </span>
          </li>
          <li
            class="ingredient__item ingredient"
          >
            <input
              type="checkbox"
            />
            <div
              class="ingredient__container undefined"
            >
              <div
                class="ingredient"
              >
                <img
                  alt=""
                  class="ingredient__icon"
                  src="/assets/ingredients/ham.svg"
                />
                <span
                  class="ingredient__name"
                >
                  ham
                </span>
              </div>
            </div>
            <span
              class="ingredient__price"
            >
              $ 
              3000
            </span>
          </li>
          <li
            class="ingredient__item ingredient"
          >
            <input
              type="checkbox"
            />
            <div
              class="ingredient__container undefined"
            >
              <div
                class="ingredient"
              >
                <img
                  alt=""
                  class="ingredient__icon"
                  src="/assets/ingredients/sausage.svg"
                />
                <span
                  class="ingredient__name"
                >
                  sausage
                </span>
              </div>
            </div>
            <span
              class="ingredient__price"
            >
              $ 
              3000
            </span>
          </li>
          <li
            class="ingredient__item ingredient"
          >
            <input
              type="checkbox"
            />
            <div
              class="ingredient__container undefined"
            >
              <div
                class="ingredient"
              >
                <img
                  alt=""
                  class="ingredient__icon"
                  src="/assets/ingredients/pepper.svg"
                />
                <span
                  class="ingredient__name"
                >
                  pepper
                </span>
              </div>
            </div>
            <span
              class="ingredient__price"
            >
              $ 
              3000
            </span>
          </li>
          <li
            class="ingredient__item ingredient"
          >
            <input
              type="checkbox"
            />
            <div
              class="ingredient__container undefined"
            >
              <div
                class="ingredient"
              >
                <img
                  alt=""
                  class="ingredient__icon"
                  src="/assets/ingredients/tuna.svg"
                />
                <span
                  class="ingredient__name"
                >
                  tuna
                </span>
              </div>
            </div>
            <span
              class="ingredient__price"
            >
              $ 
              3000
            </span>
          </li>
          <li
            class="ingredient__item ingredient"
          >
            <input
              type="checkbox"
            />
            <div
              class="ingredient__container undefined"
            >
              <div
                class="ingredient"
              >
                <img
                  alt=""
                  class="ingredient__icon"
                  src="/assets/ingredients/olive.svg"
                />
                <span
                  class="ingredient__name"
                >
                  olive
                </span>
              </div>
            </div>
            <span
              class="ingredient__price"
            >
              $ 
              3000
            </span>
          </li>
          <li
            class="ingredient__item ingredient"
          >
            <input
              type="checkbox"
            />
            <div
              class="ingredient__container undefined"
            >
              <div
                class="ingredient"
              >
                <img
                  alt=""
                  class="ingredient__icon"
                  src="/assets/ingredients/chicken.svg"
                />
                <span
                  class="ingredient__name"
                >
                  chicken
                </span>
              </div>
            </div>
            <span
              class="ingredient__price"
            >
              $ 
              5000
            </span>
          </li>
          <li
            class="ingredient__item ingredient"
          >
            <input
              type="checkbox"
            />
            <div
              class="ingredient__container undefined"
            >
              <div
                class="ingredient"
              >
                <img
                  alt=""
                  class="ingredient__icon"
                  src="/assets/ingredients/bacon.svg"
                />
                <span
                  class="ingredient__name"
                >
                  bacon
                </span>
              </div>
            </div>
            <span
              class="ingredient__price"
            >
              $ 
              3000
            </span>
          </li>
          <li
            class="ingredient__item ingredient"
          >
            <input
              type="checkbox"
            />
            <div
              class="ingredient__container undefined"
            >
              <div
                class="ingredient"
              >
                <img
                  alt=""
                  class="ingredient__icon"
                  src="/assets/ingredients/tomato.svg"
                />
                <span
                  class="ingredient__name"
                >
                  tomato
                </span>
              </div>
            </div>
            <span
              class="ingredient__price"
            >
              $ 
              3000
            </span>
          </li>
          <li
            class="ingredient__item ingredient"
          >
            <input
              type="checkbox"
            />
            <div
              class="ingredient__container undefined"
            >
              <div
                class="ingredient"
              >
                <img
                  alt=""
                  class="ingredient__icon"
                  src="/assets/ingredients/shrimp.svg"
                />
                <span
                  class="ingredient__name"
                >
                  shrimp
                </span>
              </div>
            </div>
            <span
              class="ingredient__price"
            >
              $ 
              3000
            </span>
          </li>
          <li
            class="ingredient__item ingredient"
          >
            <input
              type="checkbox"
            />
            <div
              class="ingredient__container undefined"
            >
              <div
                class="ingredient"
              >
                <img
                  alt=""
                  class="ingredient__icon"
                  src="/assets/ingredients/meat.svg"
                />
                <span
                  class="ingredient__name"
                >
                  meat
                </span>
              </div>
            </div>
            <span
              class="ingredient__price"
            >
              $ 
              3000
            </span>
          </li>
          <li
            class="ingredient__item ingredient"
          >
            <input
              type="checkbox"
            />
            <div
              class="ingredient__container undefined"
            >
              <div
                class="ingredient"
              >
                <img
                  alt=""
                  class="ingredient__icon"
                  src="/assets/ingredients/salami.svg"
                />
                <span
                  class="ingredient__name"
                >
                  salami
                </span>
              </div>
            </div>
            <span
              class="ingredient__price"
            >
              $ 
              3000
            </span>
          </li>
        </ul>
      </div>
    </div>
    <div
      class="prices"
    >
      <ul>
        <li>
          <span>
            base:
          </span>
           10000
        </li>
        <li
          class="total"
        >
          <span>
            total:
          </span>
          10000
        </li>
      </ul>
    </div>
    <div
      class="pizza-maker__pizza-name"
    >
      <span>
        Which is your favorite city?
      </span>
      <input
        value=""
      />
    </div>
    <div
      class="pizza-maker__buttons"
    >
      <button
        class="button button-secondary button__size-md"
        disabled=""
      >
        Add another pizza
      </button>
      <div
        class="pizza-maker__buttons--pay"
      >
        <a
          href="/userInfo"
        >
          <button
            class="button button-primary button__size-md"
            disabled=""
          >
            PAY
          </button>
        </a>
      </div>
    </div>
  </div>
</div>
`;
